:+X_QToolButton	{text='+X' type='QToolButton' unnamed='1' visible='1' window=':_VsgMainWindow'}
:-X_QToolButton	{text='-X' type='QToolButton' unnamed='1' visible='1' window=':_VsgMainWindow'}
:Automatic Color Scaling_QCheckBox	{name='autoColorScaleCheckBox' text='Automatic Color Scaling' type='QCheckBox' visible='1' window=':_VsgMainWindow'}
:CurrentTimeIndex_pqSpinBox	{name='CurrentTimeIndex' type='pqSpinBox' visible='1' window=':_VsgMainWindow'}
:CurrentTime_QLineEdit	{name='CurrentTime' type='QLineEdit' visible='1' window=':_VsgMainWindow'}
:File_QMenu	{title='File' type='QMenu' unnamed='1' visible='1' window=':_VsgMainWindow'}
:Next Frame_QToolButton	{text='Next Frame' type='QToolButton' unnamed='1' visible='1' window=':_VsgMainWindow'}
:Open File:  (open multiple files with <ctrl> key.).Cancel_QPushButton	{name='Cancel' text='Cancel' type='QPushButton' visible='1' window=':Open File:  (open multiple files with <ctrl> key.)_pqFileDialog'}
:Open File:  (open multiple files with <ctrl> key.).Favorites_QListView	{name='Favorites' type='QListView' visible='1' window=':Open File:  (open multiple files with <ctrl> key.)_pqFileDialog'}
:Open File:  (open multiple files with <ctrl> key.).FileName_QLineEdit	{name='FileName' type='QLineEdit' visible='1' window=':Open File:  (open multiple files with <ctrl> key.)_pqFileDialog'}
:Open File:  (open multiple files with <ctrl> key.).FileType_QComboBox	{name='FileType' type='QComboBox' visible='1' window=':Open File:  (open multiple files with <ctrl> key.)_pqFileDialog'}
:Open File:  (open multiple files with <ctrl> key.).Files_QTreeView	{name='Files' type='QTreeView' visible='1' window=':Open File:  (open multiple files with <ctrl> key.)_pqFileDialog'}
:Open File:  (open multiple files with <ctrl> key.).NavigateUp_QToolButton	{name='NavigateUp' type='QToolButton' visible='1' window=':Open File:  (open multiple files with <ctrl> key.)_pqFileDialog'}
:Open File:  (open multiple files with <ctrl> key.).OK_QPushButton	{name='OK' text='OK' type='QPushButton' visible='1' window=':Open File:  (open multiple files with <ctrl> key.)_pqFileDialog'}
:Open File:  (open multiple files with <ctrl> key.).Parents_QComboBox	{name='Parents' type='QComboBox' visible='1' window=':Open File:  (open multiple files with <ctrl> key.)_pqFileDialog'}
:Open File:  (open multiple files with <ctrl> key.).Recent_QListView	{name='Recent' type='QListView' visible='1' window=':Open File:  (open multiple files with <ctrl> key.)_pqFileDialog'}
:Open File:  (open multiple files with <ctrl> key.)_pqFileDialog	{name='FileOpenDialog' type='pqFileDialog' visible='1' windowTitle='Open File:  (open multiple files with <ctrl> key.)'}
:Play_QToolButton	{text='Play' type='QToolButton' unnamed='1' visible='1' window=':_VsgMainWindow'}
:Previous Frame_QToolButton	{text='Previous Frame' type='QToolButton' unnamed='1' visible='1' window=':_VsgMainWindow'}
:Reset Camera_QToolButton	{text='Reset Camera' type='QToolButton' unnamed='1' visible='1' window=':_VsgMainWindow'}
:ScrollArea.Bins_QLabel	{container=':objectInspector.ScrollArea_QScrollArea' text='Bins' type='QLabel' unnamed='1' visible='1'}
:ScrollArea.Bins_QLabel_2	{container=':objectInspector.ScrollArea_QScrollArea' occurrence='2' text='Bins' type='QLabel' unnamed='1' visible='1'}
:ScrollArea.Bins_QLabel_3	{container=':objectInspector.ScrollArea_QScrollArea' occurrence='3' text='Bins' type='QLabel' unnamed='1' visible='1'}
:ScrollArea.Bins_QLabel_4	{container=':objectInspector.ScrollArea_QScrollArea' occurrence='4' text='Bins' type='QLabel' unnamed='1' visible='1'}
:ScrollArea.Bins_QLineEdit	{container=':objectInspector.ScrollArea_QScrollArea' leftWidget=':ScrollArea.Bins_QLabel' type='QLineEdit' unnamed='1' visible='1'}
:ScrollArea.Bins_QLineEdit_2	{container=':objectInspector.ScrollArea_QScrollArea' leftWidget=':ScrollArea.Bins_QLabel_2' type='QLineEdit' unnamed='1' visible='1'}
:ScrollArea.Bins_QLineEdit_3	{container=':objectInspector.ScrollArea_QScrollArea' leftWidget=':ScrollArea.Bins_QLabel_3' type='QLineEdit' unnamed='1' visible='1'}
:ScrollArea.Bins_QLineEdit_4	{container=':objectInspector.ScrollArea_QScrollArea' leftWidget=':ScrollArea.Bins_QLabel_4' type='QLineEdit' unnamed='1' visible='1'}
:ScrollArea.DeltaE_QComboBox	{container=':objectInspector.ScrollArea_QScrollArea' leftWidget=':ScrollArea.DeltaE_QLabel' type='QComboBox' unnamed='1' visible='1'}
:ScrollArea.DeltaE_QLabel	{container=':objectInspector.ScrollArea_QScrollArea' text='DeltaE' type='QLabel' unnamed='1' visible='1'}
:ScrollArea.E_QComboBox	{container=':objectInspector.ScrollArea_QScrollArea' leftWidget=':ScrollArea.E_QLabel' type='QComboBox' unnamed='1' visible='1'}
:ScrollArea.E_QLabel	{container=':objectInspector.ScrollArea_QScrollArea' text='E' type='QLabel' unnamed='1' visible='1'}
:ScrollArea.Editor_RebinningCutterObjectPanel	{container=':objectInspector.ScrollArea_QScrollArea' name='Editor' type='RebinningCutterObjectPanel' visible='1'}
:ScrollArea.Int_QCheckBox	{container=':objectInspector.ScrollArea_QScrollArea' leftWidget=':ScrollArea.Int_QLabel' type='QCheckBox' unnamed='1' visible='1'}
:ScrollArea.Int_QCheckBox_2	{container=':objectInspector.ScrollArea_QScrollArea' leftWidget=':ScrollArea.Int_QLabel_2' type='QCheckBox' unnamed='1' visible='1'}
:ScrollArea.Int_QCheckBox_3	{container=':objectInspector.ScrollArea_QScrollArea' leftWidget=':ScrollArea.Int_QLabel_3' type='QCheckBox' unnamed='1' visible='1'}
:ScrollArea.Int_QCheckBox_4	{container=':objectInspector.ScrollArea_QScrollArea' leftWidget=':ScrollArea.Int_QLabel_4' type='QCheckBox' unnamed='1' visible='1'}
:ScrollArea.Int_QLabel	{container=':objectInspector.ScrollArea_QScrollArea' text='Int' type='QLabel' unnamed='1' visible='1'}
:ScrollArea.Int_QLabel_2	{container=':objectInspector.ScrollArea_QScrollArea' occurrence='2' text='Int' type='QLabel' unnamed='1' visible='1'}
:ScrollArea.Int_QLabel_3	{container=':objectInspector.ScrollArea_QScrollArea' occurrence='3' text='Int' type='QLabel' unnamed='1' visible='1'}
:ScrollArea.Int_QLabel_4	{container=':objectInspector.ScrollArea_QScrollArea' occurrence='4' text='Int' type='QLabel' unnamed='1' visible='1'}
:ScrollArea.LineEdit_QLineEdit	{container=':objectInspector.ScrollArea_QScrollArea' name='LineEdit' occurrence='2' type='QLineEdit' visible='1'}
:ScrollArea.Max_QLabel	{container=':objectInspector.ScrollArea_QScrollArea' occurrence='2' text='Max' type='QLabel' unnamed='1' visible='1'}
:ScrollArea.Max_QLabel_2	{container=':objectInspector.ScrollArea_QScrollArea' occurrence='3' text='Max' type='QLabel' unnamed='1' visible='1'}
:ScrollArea.Max_QLabel_3	{container=':objectInspector.ScrollArea_QScrollArea' occurrence='4' text='Max' type='QLabel' unnamed='1' visible='1'}
:ScrollArea.Max_QLabel_4	{container=':objectInspector.ScrollArea_QScrollArea' occurrence='5' text='Max' type='QLabel' unnamed='1' visible='1'}
:ScrollArea.Max_QLineEdit	{container=':objectInspector.ScrollArea_QScrollArea' leftWidget=':ScrollArea.Max_QLabel' type='QLineEdit' unnamed='1' visible='1'}
:ScrollArea.Max_QLineEdit_2	{container=':objectInspector.ScrollArea_QScrollArea' leftWidget=':ScrollArea.Max_QLabel_2' type='QLineEdit' unnamed='1' visible='1'}
:ScrollArea.Max_QLineEdit_3	{container=':objectInspector.ScrollArea_QScrollArea' leftWidget=':ScrollArea.Max_QLabel_3' type='QLineEdit' unnamed='1' visible='1'}
:ScrollArea.Max_QLineEdit_4	{container=':objectInspector.ScrollArea_QScrollArea' leftWidget=':ScrollArea.Max_QLabel_4' type='QLineEdit' unnamed='1' visible='1'}
:ScrollArea.Min_QLabel	{container=':objectInspector.ScrollArea_QScrollArea' occurrence='2' text='Min' type='QLabel' unnamed='1' visible='1'}
:ScrollArea.Min_QLabel_2	{container=':objectInspector.ScrollArea_QScrollArea' occurrence='3' text='Min' type='QLabel' unnamed='1' visible='1'}
:ScrollArea.Min_QLabel_3	{container=':objectInspector.ScrollArea_QScrollArea' occurrence='4' text='Min' type='QLabel' unnamed='1' visible='1'}
:ScrollArea.Min_QLabel_4	{container=':objectInspector.ScrollArea_QScrollArea' occurrence='5' text='Min' type='QLabel' unnamed='1' visible='1'}
:ScrollArea.Min_QLineEdit	{container=':objectInspector.ScrollArea_QScrollArea' leftWidget=':ScrollArea.Min_QLabel' type='QLineEdit' unnamed='1' visible='1'}
:ScrollArea.Min_QLineEdit_2	{container=':objectInspector.ScrollArea_QScrollArea' leftWidget=':ScrollArea.Min_QLabel_2' type='QLineEdit' unnamed='1' visible='1'}
:ScrollArea.Min_QLineEdit_3	{container=':objectInspector.ScrollArea_QScrollArea' leftWidget=':ScrollArea.Min_QLabel_3' type='QLineEdit' unnamed='1' visible='1'}
:ScrollArea.Min_QLineEdit_4	{container=':objectInspector.ScrollArea_QScrollArea' leftWidget=':ScrollArea.Min_QLabel_4' type='QLineEdit' unnamed='1' visible='1'}
:ScrollArea.Number of Points_QLineEdit	{container=':objectInspector.ScrollArea_QScrollArea' name='Number of Points' type='QLineEdit' visible='1'}
:ScrollArea.h_QComboBox	{container=':objectInspector.ScrollArea_QScrollArea' leftWidget=':ScrollArea.h_QLabel' type='QComboBox' unnamed='1' visible='1'}
:ScrollArea.h_QLabel	{container=':objectInspector.ScrollArea_QScrollArea' text='h' type='QLabel' unnamed='1' visible='1'}
:ScrollArea.k_QComboBox	{container=':objectInspector.ScrollArea_QScrollArea' leftWidget=':ScrollArea.k_QLabel' type='QComboBox' unnamed='1' visible='1'}
:ScrollArea.k_QLabel	{container=':objectInspector.ScrollArea_QScrollArea' text='k' type='QLabel' unnamed='1' visible='1'}
:ScrollArea.l_QComboBox	{container=':objectInspector.ScrollArea_QScrollArea' leftWidget=':ScrollArea.l_QLabel' type='QComboBox' unnamed='1' visible='1'}
:ScrollArea.l_QLabel	{container=':objectInspector.ScrollArea_QScrollArea' text='l' type='QLabel' unnamed='1' visible='1'}
:ScrollArea_DimensionWidget	{container=':objectInspector.ScrollArea_QScrollArea' occurrence='4' type='DimensionWidget' unnamed='1' visible='1'}
:ScrollArea_GeometryWidget	{container=':objectInspector.ScrollArea_QScrollArea' type='GeometryWidget' unnamed='1' visible='1'}
:ScrollArea_QScrollBar	{container=':objectInspector.ScrollArea_QScrollArea' type='QScrollBar' unnamed='1' visible='1'}
:TimeControlWidget_Mantid::Vates::SimpleGui::TimeControlWidget	{name='timeControlWidget' type='Mantid::Vates::SimpleGui::TimeControlWidget' visible='1' window=':_VsgMainWindow' windowTitle='TimeControlWidget'}
:Viewport_pqQVTKWidget	{name='Viewport' occurrence='2' type='pqQVTKWidget' visible='0'}
:_QGraphicsScene	{type='QGraphicsScene' unnamed='1'}
:_QGraphicsScene_2	{occurrence='2' type='QGraphicsScene' unnamed='1'}
:_QGraphicsScene_3	{occurrence='3' type='QGraphicsScene' unnamed='1'}
:_QItemSelectionModel	{occurrence='13' type='QItemSelectionModel' unnamed='1'}
:_QMenuBar	{type='QMenuBar' unnamed='1' visible='1' window=':_VsgMainWindow'}
:_QVTKInteractorAdapter	{occurrence='2' type='QVTKInteractorAdapter' unnamed='1'}
:_VsgMainWindow	{type='VsgMainWindow' unnamed='1' visible='1'}
:_pqPipelineModel	{type='pqPipelineModel' unnamed='1'}
:mainRenderFrame.Viewport_pqQVTKWidget	{container=':splitter_2.mainRenderFrame_QFrame' name='Viewport' type='pqQVTKWidget' visible='1'}
:multiSliceButton_QPushButton	{name='multiSliceButton' type='QPushButton' visible='1' window=':_VsgMainWindow'}
:objectInspector.Apply_QPushButton	{container=':qt_tabwidget_stackedwidget.objectInspector_pqObjectInspectorWidget' name='Accept' text='Apply' type='QPushButton' visible='1'}
:objectInspector.Delete_QPushButton	{container=':qt_tabwidget_stackedwidget.objectInspector_pqObjectInspectorWidget' name='Delete' text='Delete' type='QPushButton' visible='1'}
:objectInspector.ScrollArea_QScrollArea	{container=':qt_tabwidget_stackedwidget.objectInspector_pqObjectInspectorWidget' name='ScrollArea' type='QScrollArea' visible='1'}
:parallelProjButton_QToolButton	{name='parallelProjButton' type='QToolButton' visible='1' window=':_VsgMainWindow'}
:qt_spinbox_lineedit_QLineEdit	{name='qt_spinbox_lineedit' type='QLineEdit' visible='1' window=':_VsgMainWindow'}
:qt_tabwidget_stackedwidget.objectInspector_pqObjectInspectorWidget	{container=':splitter.qt_tabwidget_stackedwidget_QStackedWidget' name='objectInspector' type='pqObjectInspectorWidget' visible='1'}
:renderFrame.Viewport_pqQVTKWidget	{container=':splitter_2.renderFrame_QFrame' name='Viewport' type='pqQVTKWidget' visible='1'}
:splatterPlotButton_QPushButton	{name='splatterPlotButton' type='QPushButton' visible='1' window=':_VsgMainWindow'}
:splitter.Properties_pqProxyTabWidget	{container=':splitter_2.splitter_QSplitter' name='proxyTabWidget' text='Properties' type='pqProxyTabWidget' visible='1'}
:splitter.pipelineBrowser_pqPipelineBrowserWidget	{container=':splitter_2.splitter_QSplitter' name='pipelineBrowser' type='pqPipelineBrowserWidget' visible='1'}
:splitter.qt_tabwidget_stackedwidget_QStackedWidget	{container=':splitter_2.splitter_QSplitter' name='qt_tabwidget_stackedwidget' type='QStackedWidget' visible='1'}
:splitter_2.Rebin_QPushButton	{container=':splitter_2_QSplitter' name='rebinButton' text='Rebin' type='QPushButton' visible='1'}
:splitter_2.Threshold_QPushButton	{container=':splitter_2_QSplitter' name='thresholdButton' text='Threshold' type='QPushButton' visible='1'}
:splitter_2.mainRenderFrame_QFrame	{container=':splitter_2_QSplitter' name='mainRenderFrame' type='QFrame' visible='1'}
:splitter_2.renderFrame_QFrame	{container=':splitter_2_QSplitter' name='renderFrame' type='QFrame' visible='1'}
:splitter_2.splitter_QSplitter	{container=':splitter_2_QSplitter' name='splitter' type='QSplitter' visible='1'}
:splitter_2.xAxisWidget_Mantid::Vates::SimpleGui::AxisInteractor	{container=':splitter_2_QSplitter' name='xAxisWidget' type='Mantid::Vates::SimpleGui::AxisInteractor' visible='1'}
:splitter_2.yAxisWidget_Mantid::Vates::SimpleGui::AxisInteractor	{container=':splitter_2_QSplitter' name='yAxisWidget' type='Mantid::Vates::SimpleGui::AxisInteractor' visible='1'}
:splitter_2.zAxisWidget_Mantid::Vates::SimpleGui::AxisInteractor	{container=':splitter_2_QSplitter' name='zAxisWidget' type='Mantid::Vates::SimpleGui::AxisInteractor' visible='1'}
:splitter_2_QGraphicsView	{container=':splitter_2_QSplitter' type='QGraphicsView' unnamed='1' visible='1'}
:splitter_2_QGraphicsView_2	{container=':splitter_2_QSplitter' occurrence='2' type='QGraphicsView' unnamed='1' visible='1'}
:splitter_2_QGraphicsView_3	{container=':splitter_2_QSplitter' occurrence='3' type='QGraphicsView' unnamed='1' visible='1'}
:splitter_2_QSplitter	{name='splitter_2' type='QSplitter' visible='1' window=':_VsgMainWindow'}
:splitter_2_QwtScaleWidget	{container=':splitter_2_QSplitter' occurrence='2' type='QwtScaleWidget' unnamed='1' visible='1'}
:splitter_2_QwtScaleWidget_2	{container=':splitter_2_QSplitter' type='QwtScaleWidget' unnamed='1' visible='1'}
:splitter_2_QwtScaleWidget_3	{container=':splitter_2_QSplitter' occurrence='3' type='QwtScaleWidget' unnamed='1' visible='1'}
:standardButton_QPushButton	{name='standardButton' type='QPushButton' visible='1' window=':_VsgMainWindow'}
:threeSliceButton_QPushButton	{name='threeSliceButton' type='QPushButton' visible='1' window=':_VsgMainWindow'}
