********************************************************************************
   General Structure Analysis System-II Crystal Structure Refinement
              by Robert B. Von Dreele & Brian H. Toby
                Argonne National Laboratory(C), 2010
 This product includes software developed by the UChicago Argonne, LLC,
            as Operator of Argonne National Laboratory.
                          Please cite:
   B.H. Toby & R.B. Von Dreele, J. Appl. Cryst. 46, 544-549 (2013)
********************************************************************************
 Least squares controls:
 Refinement type: analytic Hessian
 Maximum number of cycles: 3
 Regularize hydrogens (if any): False
 Initial shift factor: 1.000

 Phases:

 Phase name: Fe_gamma
=======================================================================================================================================

 Space Group: F m 3 m
 The lattice is centrosymmetric F-centered cubic
 The Laue symmetry is m3m
 The lattice point group is m3m
 Multiplicity of a general site is 192
 The inversion center is located at 0,0,0

 The equivalent positions are:

 (0,0,0; 0,1/2,1/2; 1/2,0,1/2; 1/2,1/2,0)+

 ( 1)     X,     Y,     Z
 ( 2)     Z,     X,     Y
 ( 3)     Y,     Z,     X
 ( 4)     X,     Y,    -Z
 ( 5)    -Z,     X,     Y
 ( 6)     Y,    -Z,     X
 ( 7)    -Z,     X,    -Y
 ( 8)    -Y,    -Z,     X
 ( 9)     Y,    -Z,    -X
 (10)    -X,     Y,    -Z
 (11)    -Z,    -X,     Y
 (12)     X,    -Y,    -Z
 (13)     Y,     X,     Z
 (14)     Z,     Y,     X
 (15)     X,     Z,     Y
 (16)     Y,     X,    -Z
 (17)    -Z,     Y,     X
 (18)     X,    -Z,     Y
 (19)    -Z,     Y,    -X
 (20)    -X,    -Z,     Y
 (21)     X,    -Z,    -Y
 (22)    -Y,     X,    -Z
 (23)    -Z,    -Y,     X
 (24)     Y,    -X,    -Z

 Unit cell: a = 3.65860 b = 3.65860 c = 3.65860 alpha = 90.000 beta = 90.000 gamma = 90.000 volume = 48.972 Refine? True

 Phase: Fe_gamma in histogram: PWDR ENGINX_305761_307521_all_banks_TOF.gss Bank 1
=======================================================================================================================================
 Phase fraction  :          1 Refine? False
 Extinction coeff:     0.0000 Refine? False
 March-Dollase PO:     1.0000 Refine? False Axis: 0 0 1

 Size model    : isotropic equatorial:       1.000 Refine? False
	 LG mixing coeff.:       1.0000 Refine? False

 Mustrain model: isotropic equatorial:      -846.2 Refine? True
	 LG mixing coeff.:      1.0000 Refine? False

 Hydrostatic/elastic strain:
 names :         D11          eA
 values:           0           0
 refine:       False       False

 Phase: Fe_gamma in histogram: PWDR ENGINX_305761_307521_all_banks_TOF.gss Bank 2
=======================================================================================================================================
 Phase fraction  :          1 Refine? False
 Extinction coeff:     0.0000 Refine? False
 March-Dollase PO:     1.0000 Refine? False Axis: 0 0 1

 Size model    : isotropic equatorial:       1.000 Refine? False
	 LG mixing coeff.:       1.0000 Refine? False

 Mustrain model: isotropic equatorial:      -731.5 Refine? True
	 LG mixing coeff.:      1.0000 Refine? False

 Hydrostatic/elastic strain:
 names :         D11          eA
 values:           0           0
 refine:       False       False

 Histogram: PWDR ENGINX_305761_307521_all_banks_TOF.gss Bank 1 histogram Id: 0
=======================================================================================================================================
 Instrument type: Debye-Scherrer
 Histogram limits: 18362.90 msec to 52870.06 msec

 Sample Parameters:
 Goniometer omega = 0.00, chi = 0.00, phi = 0.00
 name  :         Scale    Absorption     DisplaceX     DisplaceY
 value :        4.4587        0.0000        0.0000        0.0000
 refine:          True         False         False         False

 Instrument Parameters:
 name  :     2-theta     Azimuth           X           Y           Z        Zero       alpha
 value :   89.940000    0.000000    0.000000    0.000000    0.000000    0.000000    0.096800
 refine:       False                   False        True       False       False       False

 name  :      beta-0      beta-1      beta-q        difA        difB        difC     fltPath       sig-0       sig-1
 value :    0.021600    0.012300    0.000000    0.000000    0.00000018362.900000   51.500000    0.000000   82.132100
 refine:       False       False       False       False       False       False                   False        True

 name  :       sig-2       sig-q
 value :   42.598800    0.000000
 refine:       False       False

 Background function: chebyschev-1 Refine? True
 Coefficients:      0.322    -0.106     0.032
 Fixed background file: ; mult: 1.000  Refine? False

 Histogram: PWDR ENGINX_305761_307521_all_banks_TOF.gss Bank 2 histogram Id: 1
=======================================================================================================================================
 Instrument type: Debye-Scherrer
 Histogram limits: 18362.90 msec to 52870.06 msec

 Sample Parameters:
 Goniometer omega = 0.00, chi = 0.00, phi = 0.00
 name  :         Scale    Absorption     DisplaceX     DisplaceY
 value :        4.2104        0.0000        0.0000        0.0000
 refine:          True         False         False         False

 Instrument Parameters:
 name  :     2-theta     Azimuth           X           Y           Z        Zero       alpha
 value :   89.940000    0.000000    0.000000    0.000000    0.000000    0.000000    0.096800
 refine:       False                   False        True       False       False       False

 name  :      beta-0      beta-1      beta-q        difA        difB        difC     fltPath       sig-0       sig-1
 value :    0.021600    0.012300    0.000000    0.000000    0.00000018360.260000   51.500000    0.000000   82.132100
 refine:       False       False       False       False       False       False                   False        True

 name  :       sig-2       sig-q
 value :   42.598800    0.000000
 refine:       False       False

 Background function: chebyschev-1 Refine? True
 Coefficients:      0.370    -0.125     0.038
 Fixed background file: ; mult: 1.000  Refine? False

 Refinement results:
---------------------------------------------------------------------------------------------------------------------------------------
 Number of function calls: 7 No. of observations: 9424 No. of parameters: 20 User rejected: 0 Sp. gp. extinct: 0
 Refinement time =    0.188s,    0.188s/cycle, for 1 cycles
 wR =   31.50%, chi**2 =      12036.2, GOF =   1.13
----------------------------------------------------------------------------------------------------------------------------------
Parameters generated by constraints

 name  :          0::A0
 value :        0.07471
 sig   :        0.00000

 Phases:
 Result for phase: Fe_gamma
=======================================================================================================================================
 Reciprocal metric tensor:
  names :            A11            A22            A33            A12            A13            A23
  values:    0.074708557    0.074708557    0.074708557    0.000000000    0.000000000    0.000000000
  esds  :    0.000002283
 New unit cell:
  names :           a           b           c       alpha        beta       gamma      Volume
  values:    3.658599    3.658599    3.658599     90.0000     90.0000     90.0000      48.972
  esds  :    0.000056                                                                   0.002

 Phase: Fe_gamma in histogram: PWDR ENGINX_305761_307521_all_banks_TOF.gss Bank 1
=======================================================================================================================================
 Final refinement RF, RF^2 = 30.64%, 49.20% on 5 reflections
 Durbin-Watson statistic = 0.567
 Bragg intensity sum = 8.45e+03

 Mustrain model: isotropic
 equatorial:      -846.2, sig:   123.6 LG mix coeff.:      1.0000

 Phase: Fe_gamma in histogram: PWDR ENGINX_305761_307521_all_banks_TOF.gss Bank 2
=======================================================================================================================================
 Final refinement RF, RF^2 = 17.52%, 32.66% on 5 reflections
 Durbin-Watson statistic = 1.227
 Bragg intensity sum = 8.62e+03

 Mustrain model: isotropic
 equatorial:      -731.5, sig:   132.8 LG mix coeff.:      1.0000

 Histogram: PWDR ENGINX_305761_307521_all_banks_TOF.gss Bank 1 histogram Id: 0
=======================================================================================================================================
 PWDR histogram weight factor = 1.000
 Final refinement wR = 41.18% on 4713 observations in this histogram
 Other residuals: R = 32.90%, R-bkg = 39.30%, wR-bkg = 41.18% wRmin = 28.12%
 Instrument type: Debye-Scherrer

 Sample Parameters:
 names :         Scale    Absorption     DisplaceX     DisplaceY
 values:        4.4587        0.0000        0.0000        0.0000
 sig   :        0.0276

 Instrument Parameters:
 names :     2-theta           X           Y           Z        Zero       alpha
 value :   89.940000    0.000000    0.000000    0.000000    0.000000    0.096800
 sig   :                            1.104134

 Instrument Parameters:
 names :      beta-0      beta-1      beta-q        difA        difB        difC       sig-0       sig-1
 value :    0.021600    0.012300    0.000000    0.000000    0.00000018362.900000    0.000000   82.132100
 sig   :                                                                                        9.137030

 Instrument Parameters:
 names :       sig-2       sig-q
 value :   42.598800    0.000000
 sig   :

 Background function: chebyschev-1
 value :     0.3215   -0.1062   0.03234
 sig   :   0.004552  0.006548  0.005461
 Background sums: empirical 1.56e+03, Debye 0, peaks 0, Total 1.56e+03

 Histogram: PWDR ENGINX_305761_307521_all_banks_TOF.gss Bank 2 histogram Id: 1
=======================================================================================================================================
 PWDR histogram weight factor = 1.000
 Final refinement wR = 26.83% on 4711 observations in this histogram
 Other residuals: R = 24.30%, R-bkg = 25.76%, wR-bkg = 26.83% wRmin = 27.64%
 Instrument type: Debye-Scherrer

 Sample Parameters:
 names :         Scale    Absorption     DisplaceX     DisplaceY
 values:        4.2104        0.0000        0.0000        0.0000
 sig   :        0.0294

 Instrument Parameters:
 names :     2-theta           X           Y           Z        Zero       alpha
 value :   89.940000    0.000000    0.000000    0.000000    0.000000    0.096800
 sig   :                            1.189665

 Instrument Parameters:
 names :      beta-0      beta-1      beta-q        difA        difB        difC       sig-0       sig-1
 value :    0.021600    0.012300    0.000000    0.000000    0.00000018360.260000    0.000000   82.132100
 sig   :                                                                                       10.143256

 Instrument Parameters:
 names :       sig-2       sig-q
 value :   42.598800    0.000000
 sig   :

 Background function: chebyschev-1
 value :     0.3702    -0.125   0.03816
 sig   :   0.005045  0.007176  0.006083
 Background sums: empirical 1.79e+03, Debye 0, peaks 0, Total 1.79e+03
